[debug] [2025-12-11T15:11:27.001Z] Object "" in "firebase.json" has unknown property: {"additionalProperty":"flutter"}
[error] Failed to fetch Firebase Project from Studio Workspace because WORKSPACE_SLUG environment variable is empty
[debug] [2025-12-11T15:11:27.007Z] Object "" in "firebase.json" has unknown property: {"additionalProperty":"flutter"}
[error] Failed to fetch Firebase Project from Studio Workspace because WORKSPACE_SLUG environment variable is empty
[debug] [2025-12-11T15:11:27.010Z] Object "" in "firebase.json" has unknown property: {"additionalProperty":"flutter"}
[error] Failed to fetch Firebase Project from Studio Workspace because WORKSPACE_SLUG environment variable is empty
[debug] [2025-12-11T15:11:27.011Z] Object "" in "firebase.json" has unknown property: {"additionalProperty":"flutter"}
[error] Failed to fetch Firebase Project from Studio Workspace because WORKSPACE_SLUG environment variable is empty
[debug] [2025-12-11T15:11:27.013Z] > command requires scopes: ["email","openid","https://www.googleapis.com/auth/cloudplatformprojects.readonly","https://www.googleapis.com/auth/firebase","https://www.googleapis.com/auth/cloud-platform","https://www.googleapis.com/auth/userinfo.email"]
[debug] [2025-12-11T15:11:27.013Z] > authorizing via signed-in user (sedric.norvin12@gmail.com)
[debug] [2025-12-11T15:11:27.014Z] Object "" in "firebase.json" has unknown property: {"additionalProperty":"flutter"}
[debug] [2025-12-11T15:11:27.020Z] Checked if tokens are valid: true, expires at: 1765468354547
[debug] [2025-12-11T15:11:27.020Z] Checked if tokens are valid: true, expires at: 1765468354547
[debug] [2025-12-11T15:11:27.029Z] Checked if tokens are valid: true, expires at: 1765468354547
[debug] [2025-12-11T15:11:27.029Z] Checked if tokens are valid: true, expires at: 1765468354547
[debug] [2025-12-11T15:11:27.029Z] Checked if tokens are valid: true, expires at: 1765468354547
[debug] [2025-12-11T15:11:27.029Z] Checked if tokens are valid: true, expires at: 1765468354547
[debug] [2025-12-11T15:11:27.030Z] > command requires scopes: ["email","openid","https://www.googleapis.com/auth/cloudplatformprojects.readonly","https://www.googleapis.com/auth/firebase","https://www.googleapis.com/auth/cloud-platform","https://www.googleapis.com/auth/userinfo.email"]
[debug] [2025-12-11T15:11:27.030Z] > authorizing via signed-in user (sedric.norvin12@gmail.com)
[debug] [2025-12-11T15:11:27.031Z] >>> [apiv2][query] GET https://serviceusage.googleapis.com/v1/projects/retroquest-11331898-85115/services/firebasedataconnect.googleapis.com [none]
[debug] [2025-12-11T15:11:27.031Z] >>> [apiv2][(partial)header] GET https://serviceusage.googleapis.com/v1/projects/retroquest-11331898-85115/services/firebasedataconnect.googleapis.com x-goog-quota-user=projects/retroquest-11331898-85115
[debug] [2025-12-11T15:11:27.033Z] >>> [apiv2][query] GET https://serviceusage.googleapis.com/v1/projects/retroquest-11331898-85115/services/firebaseapphosting.googleapis.com [none]
[debug] [2025-12-11T15:11:27.033Z] >>> [apiv2][(partial)header] GET https://serviceusage.googleapis.com/v1/projects/retroquest-11331898-85115/services/firebaseapphosting.googleapis.com x-goog-quota-user=projects/retroquest-11331898-85115
[debug] [2025-12-11T15:11:27.034Z] >>> [apiv2][query] GET https://serviceusage.googleapis.com/v1/projects/retroquest-11331898-85115/services/firebaseio.com [none]
[debug] [2025-12-11T15:11:27.035Z] >>> [apiv2][(partial)header] GET https://serviceusage.googleapis.com/v1/projects/retroquest-11331898-85115/services/firebaseio.com x-goog-quota-user=projects/retroquest-11331898-85115
[debug] [2025-12-11T15:11:27.036Z] Object "" in "firebase.json" has unknown property: {"additionalProperty":"flutter"}
[debug] [2025-12-11T15:11:27.037Z] Checked if tokens are valid: true, expires at: 1765468354547
[debug] [2025-12-11T15:11:27.037Z] Checked if tokens are valid: true, expires at: 1765468354547
[debug] [2025-12-11T15:11:27.039Z] Checked if tokens are valid: true, expires at: 1765468354547
[debug] [2025-12-11T15:11:27.039Z] Checked if tokens are valid: true, expires at: 1765468354547
[debug] [2025-12-11T15:11:27.039Z] Checked if tokens are valid: true, expires at: 1765468354547
[debug] [2025-12-11T15:11:27.040Z] Checked if tokens are valid: true, expires at: 1765468354547
[debug] [2025-12-11T15:11:27.040Z] >>> [apiv2][query] GET https://serviceusage.googleapis.com/v1/projects/retroquest-11331898-85115/services/firebasedataconnect.googleapis.com [none]
[debug] [2025-12-11T15:11:27.040Z] >>> [apiv2][(partial)header] GET https://serviceusage.googleapis.com/v1/projects/retroquest-11331898-85115/services/firebasedataconnect.googleapis.com x-goog-quota-user=projects/retroquest-11331898-85115
[debug] [2025-12-11T15:11:27.041Z] >>> [apiv2][query] GET https://serviceusage.googleapis.com/v1/projects/retroquest-11331898-85115/services/firebaseapphosting.googleapis.com [none]
[debug] [2025-12-11T15:11:27.041Z] >>> [apiv2][(partial)header] GET https://serviceusage.googleapis.com/v1/projects/retroquest-11331898-85115/services/firebaseapphosting.googleapis.com x-goog-quota-user=projects/retroquest-11331898-85115
[debug] [2025-12-11T15:11:27.042Z] >>> [apiv2][query] GET https://serviceusage.googleapis.com/v1/projects/retroquest-11331898-85115/services/firebaseio.com [none]
[debug] [2025-12-11T15:11:27.042Z] >>> [apiv2][(partial)header] GET https://serviceusage.googleapis.com/v1/projects/retroquest-11331898-85115/services/firebaseio.com x-goog-quota-user=projects/retroquest-11331898-85115
[debug] [2025-12-11T15:11:28.050Z] <<< [apiv2][status] GET https://serviceusage.googleapis.com/v1/projects/retroquest-11331898-85115/services/firebaseio.com 403
[debug] [2025-12-11T15:11:28.050Z] <<< [apiv2][body] GET https://serviceusage.googleapis.com/v1/projects/retroquest-11331898-85115/services/firebaseio.com [omitted]
[debug] [2025-12-11T15:11:28.071Z] <<< [apiv2][status] GET https://serviceusage.googleapis.com/v1/projects/retroquest-11331898-85115/services/firebaseapphosting.googleapis.com 200
[debug] [2025-12-11T15:11:28.071Z] <<< [apiv2][body] GET https://serviceusage.googleapis.com/v1/projects/retroquest-11331898-85115/services/firebaseapphosting.googleapis.com [omitted]
[debug] [2025-12-11T15:11:28.072Z] <<< [apiv2][status] GET https://serviceusage.googleapis.com/v1/projects/retroquest-11331898-85115/services/firebasedataconnect.googleapis.com 200
[debug] [2025-12-11T15:11:28.072Z] <<< [apiv2][body] GET https://serviceusage.googleapis.com/v1/projects/retroquest-11331898-85115/services/firebasedataconnect.googleapis.com [omitted]
[debug] [2025-12-11T15:11:28.073Z] Object "" in "firebase.json" has unknown property: {"additionalProperty":"flutter"}
[error] Failed to fetch Firebase Project from Studio Workspace because WORKSPACE_SLUG environment variable is empty
[debug] [2025-12-11T15:11:28.079Z] Object "" in "firebase.json" has unknown property: {"additionalProperty":"flutter"}
[error] Failed to fetch Firebase Project from Studio Workspace because WORKSPACE_SLUG environment variable is empty
[debug] [2025-12-11T15:11:28.081Z] Object "" in "firebase.json" has unknown property: {"additionalProperty":"flutter"}
[error] Failed to fetch Firebase Project from Studio Workspace because WORKSPACE_SLUG environment variable is empty
[debug] [2025-12-11T15:11:28.081Z] > command requires scopes: ["email","openid","https://www.googleapis.com/auth/cloudplatformprojects.readonly","https://www.googleapis.com/auth/firebase","https://www.googleapis.com/auth/cloud-platform","https://www.googleapis.com/auth/userinfo.email"]
[debug] [2025-12-11T15:11:28.081Z] > authorizing via signed-in user (sedric.norvin12@gmail.com)
[debug] [2025-12-11T15:11:28.082Z] Object "" in "firebase.json" has unknown property: {"additionalProperty":"flutter"}
[debug] [2025-12-11T15:11:28.083Z] Object "" in "firebase.json" has unknown property: {"additionalProperty":"flutter"}
[error] Failed to fetch Firebase Project from Studio Workspace because WORKSPACE_SLUG environment variable is empty
[debug] [2025-12-11T15:11:28.084Z] > command requires scopes: ["email","openid","https://www.googleapis.com/auth/cloudplatformprojects.readonly","https://www.googleapis.com/auth/firebase","https://www.googleapis.com/auth/cloud-platform","https://www.googleapis.com/auth/userinfo.email"]
[debug] [2025-12-11T15:11:28.084Z] > authorizing via signed-in user (sedric.norvin12@gmail.com)
[debug] [2025-12-11T15:11:28.089Z] <<< [apiv2][status] GET https://serviceusage.googleapis.com/v1/projects/retroquest-11331898-85115/services/firebasedataconnect.googleapis.com 200
[debug] [2025-12-11T15:11:28.089Z] <<< [apiv2][body] GET https://serviceusage.googleapis.com/v1/projects/retroquest-11331898-85115/services/firebasedataconnect.googleapis.com [omitted]
[debug] [2025-12-11T15:11:28.090Z] <<< [apiv2][status] GET https://serviceusage.googleapis.com/v1/projects/retroquest-11331898-85115/services/firebaseio.com 403
[debug] [2025-12-11T15:11:28.090Z] <<< [apiv2][body] GET https://serviceusage.googleapis.com/v1/projects/retroquest-11331898-85115/services/firebaseio.com [omitted]
[debug] [2025-12-11T15:11:28.092Z] Object "" in "firebase.json" has unknown property: {"additionalProperty":"flutter"}
[error] Failed to fetch Firebase Project from Studio Workspace because WORKSPACE_SLUG environment variable is empty
[debug] [2025-12-11T15:11:28.096Z] Object "" in "firebase.json" has unknown property: {"additionalProperty":"flutter"}
[error] Failed to fetch Firebase Project from Studio Workspace because WORKSPACE_SLUG environment variable is empty
[debug] [2025-12-11T15:11:28.099Z] Object "" in "firebase.json" has unknown property: {"additionalProperty":"flutter"}
[error] Failed to fetch Firebase Project from Studio Workspace because WORKSPACE_SLUG environment variable is empty
[debug] [2025-12-11T15:11:28.100Z] Object "" in "firebase.json" has unknown property: {"additionalProperty":"flutter"}
[error] Failed to fetch Firebase Project from Studio Workspace because WORKSPACE_SLUG environment variable is empty
[debug] [2025-12-11T15:11:28.101Z] > command requires scopes: ["email","openid","https://www.googleapis.com/auth/cloudplatformprojects.readonly","https://www.googleapis.com/auth/firebase","https://www.googleapis.com/auth/cloud-platform","https://www.googleapis.com/auth/userinfo.email"]
[debug] [2025-12-11T15:11:28.101Z] > authorizing via signed-in user (sedric.norvin12@gmail.com)
[debug] [2025-12-11T15:11:28.101Z] Object "" in "firebase.json" has unknown property: {"additionalProperty":"flutter"}
[debug] [2025-12-11T15:11:28.102Z] Object "" in "firebase.json" has unknown property: {"additionalProperty":"flutter"}
[error] Failed to fetch Firebase Project from Studio Workspace because WORKSPACE_SLUG environment variable is empty
[debug] [2025-12-11T15:11:28.102Z] > command requires scopes: ["email","openid","https://www.googleapis.com/auth/cloudplatformprojects.readonly","https://www.googleapis.com/auth/firebase","https://www.googleapis.com/auth/cloud-platform","https://www.googleapis.com/auth/userinfo.email"]
[debug] [2025-12-11T15:11:28.102Z] > authorizing via signed-in user (sedric.norvin12@gmail.com)
[debug] [2025-12-11T15:11:28.110Z] <<< [apiv2][status] GET https://serviceusage.googleapis.com/v1/projects/retroquest-11331898-85115/services/firebaseapphosting.googleapis.com 200
[debug] [2025-12-11T15:11:28.111Z] <<< [apiv2][body] GET https://serviceusage.googleapis.com/v1/projects/retroquest-11331898-85115/services/firebaseapphosting.googleapis.com [omitted]
[debug] [2025-12-11T15:11:28.112Z] Object "" in "firebase.json" has unknown property: {"additionalProperty":"flutter"}
[error] Failed to fetch Firebase Project from Studio Workspace because WORKSPACE_SLUG environment variable is empty
[debug] [2025-12-11T15:11:28.113Z] Object "" in "firebase.json" has unknown property: {"additionalProperty":"flutter"}
[error] Failed to fetch Firebase Project from Studio Workspace because WORKSPACE_SLUG environment variable is empty
[debug] [2025-12-11T15:11:28.114Z] > command requires scopes: ["email","openid","https://www.googleapis.com/auth/cloudplatformprojects.readonly","https://www.googleapis.com/auth/firebase","https://www.googleapis.com/auth/cloud-platform","https://www.googleapis.com/auth/userinfo.email"]
[debug] [2025-12-11T15:11:28.114Z] > authorizing via signed-in user (sedric.norvin12@gmail.com)
[debug] [2025-12-11T15:11:28.114Z] Object "" in "firebase.json" has unknown property: {"additionalProperty":"flutter"}
[debug] [2025-12-11T15:11:28.115Z] Object "" in "firebase.json" has unknown property: {"additionalProperty":"flutter"}
[error] Failed to fetch Firebase Project from Studio Workspace because WORKSPACE_SLUG environment variable is empty
[debug] [2025-12-11T15:11:28.115Z] > command requires scopes: ["email","openid","https://www.googleapis.com/auth/cloudplatformprojects.readonly","https://www.googleapis.com/auth/firebase","https://www.googleapis.com/auth/cloud-platform","https://www.googleapis.com/auth/userinfo.email"]
[debug] [2025-12-11T15:11:28.115Z] > authorizing via signed-in user (sedric.norvin12@gmail.com)
